{
  "version": "1.5.0",
  "plugins_used": [
    {
      "name": "ArtifactoryDetector"
    },
    {
      "name": "AWSKeyDetector"
    },
    {
      "name": "AzureStorageKeyDetector"
    },
    {
      "name": "Base64HighEntropyString",
      "limit": 4.5
    },
    {
      "name": "BasicAuthDetector"
    },
    {
      "name": "CloudantDetector"
    },
    {
      "name": "DiscordBotTokenDetector"
    },
    {
      "name": "GitHubTokenDetector"
    },
    {
      "name": "GitLabTokenDetector"
    },
    {
      "name": "HexHighEntropyString",
      "limit": 3.0
    },
    {
      "name": "IbmCloudIamDetector"
    },
    {
      "name": "IbmCosHmacDetector"
    },
    {
      "name": "IPPublicDetector"
    },
    {
      "name": "JwtTokenDetector"
    },
    {
      "name": "KeywordDetector",
      "keyword_exclude": ""
    },
    {
      "name": "MailchimpDetector"
    },
    {
      "name": "NpmDetector"
    },
    {
      "name": "OpenAIDetector"
    },
    {
      "name": "PrivateKeyDetector"
    },
    {
      "name": "PypiTokenDetector"
    },
    {
      "name": "SendGridDetector"
    },
    {
      "name": "SlackDetector"
    },
    {
      "name": "SoftlayerDetector"
    },
    {
      "name": "SquareOAuthDetector"
    },
    {
      "name": "StripeDetector"
    },
    {
      "name": "TelegramBotTokenDetector"
    },
    {
      "name": "TwilioKeyDetector"
    }
  ],
  "filters_used": [
    {
      "path": "detect_secrets.filters.allowlist.is_line_allowlisted"
    },
    {
      "path": "detect_secrets.filters.common.is_ignored_due_to_verification_policies",
      "min_level": 2
    },
    {
      "path": "detect_secrets.filters.heuristic.is_indirect_reference"
    },
    {
      "path": "detect_secrets.filters.heuristic.is_likely_id_string"
    },
    {
      "path": "detect_secrets.filters.heuristic.is_lock_file"
    },
    {
      "path": "detect_secrets.filters.heuristic.is_not_alphanumeric_string"
    },
    {
      "path": "detect_secrets.filters.heuristic.is_potential_uuid"
    },
    {
      "path": "detect_secrets.filters.heuristic.is_prefixed_with_dollar_sign"
    },
    {
      "path": "detect_secrets.filters.heuristic.is_sequential_string"
    },
    {
      "path": "detect_secrets.filters.heuristic.is_swagger_file"
    },
    {
      "path": "detect_secrets.filters.heuristic.is_templated_secret"
    },
    {
      "path": "detect_secrets.filters.regex.should_exclude_file",
      "pattern": [
        "node_modules/.*",
        "\\.planning/.*\\.jsonl",
        "bin/secrets\\.test\\.cjs",
        "bin/ccr-secure-config\\.test\\.cjs",
        "bin/set-secret\\.test\\.cjs",
        "\\.secrets\\.baseline"
      ]
    }
  ],
  "results": {
    ".formal/requirements.json": [
      {
        "type": "Hex High Entropy String",
        "filename": ".formal/requirements.json",
        "hashed_secret": "1c739c3b48df5a7ed7436299db8bd19f71759e56",
        "is_verified": false,
        "line_number": 3
      }
    ],
    ".planning/milestones/v0.10-phases/v0.10-02-presets-and-cloning/v0.10-02-01-PLAN.md": [
      {
        "type": "Secret Keyword",
        "filename": ".planning/milestones/v0.10-phases/v0.10-02-presets-and-cloning/v0.10-02-01-PLAN.md",
        "hashed_secret": "13951588fd3325e25ed1e3b116d7009fb221c85e",
        "is_verified": false,
        "line_number": 164
      },
      {
        "type": "Secret Keyword",
        "filename": ".planning/milestones/v0.10-phases/v0.10-02-presets-and-cloning/v0.10-02-01-PLAN.md",
        "hashed_secret": "a4d9898958973805c7a28691b1fc183d40144188",
        "is_verified": false,
        "line_number": 197
      }
    ],
    ".planning/milestones/v0.10-phases/v0.10-06-import-export/v0.10-06-01-PLAN.md": [
      {
        "type": "Secret Keyword",
        "filename": ".planning/milestones/v0.10-phases/v0.10-06-import-export/v0.10-06-01-PLAN.md",
        "hashed_secret": "e0538dbde0484e599b41a65cc6a9d443b5011520",
        "is_verified": false,
        "line_number": 123
      },
      {
        "type": "Secret Keyword",
        "filename": ".planning/milestones/v0.10-phases/v0.10-06-import-export/v0.10-06-01-PLAN.md",
        "hashed_secret": "05b320f6e1147eb9dca51fd088b5f449aa1d0f8a",
        "is_verified": false,
        "line_number": 198
      }
    ],
    ".planning/milestones/v0.19-phases/v0.19-04-enforcement-layer/v0.19-04-01-PLAN.md": [
      {
        "type": "Secret Keyword",
        "filename": ".planning/milestones/v0.19-phases/v0.19-04-enforcement-layer/v0.19-04-01-PLAN.md",
        "hashed_secret": "f2b14f68eb995facb3a1c35287b778d5bd785511",
        "is_verified": false,
        "line_number": 166
      },
      {
        "type": "AWS Access Key",
        "filename": ".planning/milestones/v0.19-phases/v0.19-04-enforcement-layer/v0.19-04-01-PLAN.md",
        "hashed_secret": "25910f981e85ca04baf359199dd0bd4a3ae738b6",
        "is_verified": false,
        "line_number": 167
      },
      {
        "type": "Secret Keyword",
        "filename": ".planning/milestones/v0.19-phases/v0.19-04-enforcement-layer/v0.19-04-01-PLAN.md",
        "hashed_secret": "06aa51610affb11bbfd66a85b7633df97c8aa7a9",
        "is_verified": false,
        "line_number": 171
      }
    ],
    ".planning/milestones/v0.26-phases/v0.26-03-portable-installer-presets/v0.26-03-01-PLAN.md": [
      {
        "type": "Secret Keyword",
        "filename": ".planning/milestones/v0.26-phases/v0.26-03-portable-installer-presets/v0.26-03-01-PLAN.md",
        "hashed_secret": "e0538dbde0484e599b41a65cc6a9d443b5011520",
        "is_verified": false,
        "line_number": 75
      }
    ],
    ".planning/quick/71-extend-unified-mcp-server-with-http-tran/71-PLAN.md": [
      {
        "type": "Secret Keyword",
        "filename": ".planning/quick/71-extend-unified-mcp-server-with-http-tran/71-PLAN.md",
        "hashed_secret": "4007f57192fb0939e4b0e7c55eaf6de7c78a68d3",
        "is_verified": false,
        "line_number": 92
      },
      {
        "type": "Secret Keyword",
        "filename": ".planning/quick/71-extend-unified-mcp-server-with-http-tran/71-PLAN.md",
        "hashed_secret": "c8f16a194efc59559549c7bd69f7bea038742e79",
        "is_verified": false,
        "line_number": 94
      },
      {
        "type": "Secret Keyword",
        "filename": ".planning/quick/71-extend-unified-mcp-server-with-http-tran/71-PLAN.md",
        "hashed_secret": "877ae368395eca61a0d7667c45101f061ed399cd",
        "is_verified": false,
        "line_number": 95
      }
    ],
    ".planning/quick/88-build-interactive-node-js-cli-interface-/88-PLAN.md": [
      {
        "type": "Secret Keyword",
        "filename": ".planning/quick/88-build-interactive-node-js-cli-interface-/88-PLAN.md",
        "hashed_secret": "c71d25deb88257d50626c1ba804a9b7d585e58d8",
        "is_verified": false,
        "line_number": 68
      }
    ],
    ".planning/quick/92-claude-1-6-should-use-a-real-claude-code/92-PLAN.md": [
      {
        "type": "Base64 High Entropy String",
        "filename": ".planning/quick/92-claude-1-6-should-use-a-real-claude-code/92-PLAN.md",
        "hashed_secret": "ddcb1544ae70290d34a7ee92d745e395e50c3688",
        "is_verified": false,
        "line_number": 96
      },
      {
        "type": "Secret Keyword",
        "filename": ".planning/quick/92-claude-1-6-should-use-a-real-claude-code/92-PLAN.md",
        "hashed_secret": "ddcb1544ae70290d34a7ee92d745e395e50c3688",
        "is_verified": false,
        "line_number": 96
      }
    ],
    ".planning/quick/94-i-want-to-find-the-right-balance-between/94-PLAN.md": [
      {
        "type": "Secret Keyword",
        "filename": ".planning/quick/94-i-want-to-find-the-right-balance-between/94-PLAN.md",
        "hashed_secret": "32df82dccdd26b62d92eaefa9ccc2550d5ec96bd",
        "is_verified": false,
        "line_number": 167
      }
    ],
    ".planning/quick/96-refactor-manage-agents-cjs-to-extract-pu/96-PLAN.md": [
      {
        "type": "Secret Keyword",
        "filename": ".planning/quick/96-refactor-manage-agents-cjs-to-extract-pu/96-PLAN.md",
        "hashed_secret": "32df82dccdd26b62d92eaefa9ccc2550d5ec96bd",
        "is_verified": false,
        "line_number": 91
      },
      {
        "type": "Base64 High Entropy String",
        "filename": ".planning/quick/96-refactor-manage-agents-cjs-to-extract-pu/96-PLAN.md",
        "hashed_secret": "9f08064bf7140dd215badead0214265fa6a1639f",
        "is_verified": false,
        "line_number": 158
      },
      {
        "type": "Secret Keyword",
        "filename": ".planning/quick/96-refactor-manage-agents-cjs-to-extract-pu/96-PLAN.md",
        "hashed_secret": "380653fc1e1344144c6374d9cc14754bf51a5eed",
        "is_verified": false,
        "line_number": 178
      }
    ],
    ".planning/research/PITFALLS.md": [
      {
        "type": "Secret Keyword",
        "filename": ".planning/research/PITFALLS.md",
        "hashed_secret": "a8253456364f1bfc7da7ae4a1db5b45d106317a5",
        "is_verified": false,
        "line_number": 351
      }
    ],
    "bin/auth-drivers/simple.test.cjs": [
      {
        "type": "Secret Keyword",
        "filename": "bin/auth-drivers/simple.test.cjs",
        "hashed_secret": "cba7d8d926ee837cf3f92636a6d1cd0eb397db64",
        "is_verified": false,
        "line_number": 110
      }
    ],
    "bin/check-trace-redaction.test.cjs": [
      {
        "type": "Secret Keyword",
        "filename": "bin/check-trace-redaction.test.cjs",
        "hashed_secret": "f2b14f68eb995facb3a1c35287b778d5bd785511",
        "is_verified": false,
        "line_number": 34
      },
      {
        "type": "AWS Access Key",
        "filename": "bin/check-trace-redaction.test.cjs",
        "hashed_secret": "25910f981e85ca04baf359199dd0bd4a3ae738b6",
        "is_verified": false,
        "line_number": 45
      }
    ],
    "bin/manage-agents-core.cjs": [
      {
        "type": "Secret Keyword",
        "filename": "bin/manage-agents-core.cjs",
        "hashed_secret": "32df82dccdd26b62d92eaefa9ccc2550d5ec96bd",
        "is_verified": false,
        "line_number": 393
      }
    ],
    "bin/manage-agents.test.cjs": [
      {
        "type": "Base64 High Entropy String",
        "filename": "bin/manage-agents.test.cjs",
        "hashed_secret": "9f08064bf7140dd215badead0214265fa6a1639f",
        "is_verified": false,
        "line_number": 57
      },
      {
        "type": "Secret Keyword",
        "filename": "bin/manage-agents.test.cjs",
        "hashed_secret": "637487c884f6dd9a4a638fab826509cfdba90fa9",
        "is_verified": false,
        "line_number": 128
      },
      {
        "type": "Secret Keyword",
        "filename": "bin/manage-agents.test.cjs",
        "hashed_secret": "666c100dab549a6f56da7da546bd848ed5086541",
        "is_verified": false,
        "line_number": 136
      },
      {
        "type": "Secret Keyword",
        "filename": "bin/manage-agents.test.cjs",
        "hashed_secret": "32df82dccdd26b62d92eaefa9ccc2550d5ec96bd",
        "is_verified": false,
        "line_number": 149
      },
      {
        "type": "Secret Keyword",
        "filename": "bin/manage-agents.test.cjs",
        "hashed_secret": "13951588fd3325e25ed1e3b116d7009fb221c85e",
        "is_verified": false,
        "line_number": 414
      },
      {
        "type": "Secret Keyword",
        "filename": "bin/manage-agents.test.cjs",
        "hashed_secret": "a4d9898958973805c7a28691b1fc183d40144188",
        "is_verified": false,
        "line_number": 449
      },
      {
        "type": "Secret Keyword",
        "filename": "bin/manage-agents.test.cjs",
        "hashed_secret": "e0538dbde0484e599b41a65cc6a9d443b5011520",
        "is_verified": false,
        "line_number": 1428
      },
      {
        "type": "Secret Keyword",
        "filename": "bin/manage-agents.test.cjs",
        "hashed_secret": "05b320f6e1147eb9dca51fd088b5f449aa1d0f8a",
        "is_verified": false,
        "line_number": 1500
      },
      {
        "type": "Secret Keyword",
        "filename": "bin/manage-agents.test.cjs",
        "hashed_secret": "d503c694c0e762d786079a3f8bd6df32de508a9b",
        "is_verified": false,
        "line_number": 1529
      }
    ],
    "bin/unified-mcp-server.mjs": [
      {
        "type": "Secret Keyword",
        "filename": "bin/unified-mcp-server.mjs",
        "hashed_secret": "f8ca0d7266886f4b5be9adddc9b66017b3bf1a4b",
        "is_verified": false,
        "line_number": 417
      }
    ],
    "bin/validate-requirements-haiku.test.cjs": [
      {
        "type": "Secret Keyword",
        "filename": "bin/validate-requirements-haiku.test.cjs",
        "hashed_secret": "9139236dfe89960fee34d53b6089795fe376682e",
        "is_verified": false,
        "line_number": 263
      }
    ]
  },
  "generated_at": "2026-03-04T09:58:53Z"
}
